2025-11-27 08:05:35,057 INFO o.a.j.u.JMeterUtils: Setting Locale to en_EN
2025-11-27 08:05:35,078 INFO o.a.j.JMeter: Loading user properties from: C:\apache-jmeter-5.6.3\bin\user.properties
2025-11-27 08:05:35,079 INFO o.a.j.JMeter: Loading system properties from: C:\apache-jmeter-5.6.3\bin\system.properties
2025-11-27 08:05:35,086 INFO o.a.j.JMeter: Copyright (c) 1998-2024 The Apache Software Foundation
2025-11-27 08:05:35,086 INFO o.a.j.JMeter: Version 5.6.3
2025-11-27 08:05:35,086 INFO o.a.j.JMeter: java.version=17.0.11
2025-11-27 08:05:35,086 INFO o.a.j.JMeter: java.vm.name=Java HotSpot(TM) 64-Bit Server VM
2025-11-27 08:05:35,086 INFO o.a.j.JMeter: os.name=Windows 11
2025-11-27 08:05:35,086 INFO o.a.j.JMeter: os.arch=amd64
2025-11-27 08:05:35,086 INFO o.a.j.JMeter: os.version=10.0
2025-11-27 08:05:35,086 INFO o.a.j.JMeter: file.encoding=Cp1252
2025-11-27 08:05:35,087 INFO o.a.j.JMeter: java.awt.headless=null
2025-11-27 08:05:35,087 INFO o.a.j.JMeter: Max memory     =1073741824
2025-11-27 08:05:35,087 INFO o.a.j.JMeter: Available Processors =15
2025-11-27 08:05:35,095 INFO o.a.j.JMeter: Default Locale=English (EN)
2025-11-27 08:05:35,095 INFO o.a.j.JMeter: JMeter  Locale=English (EN)
2025-11-27 08:05:35,095 INFO o.a.j.JMeter: JMeterHome=C:\apache-jmeter-5.6.3
2025-11-27 08:05:35,095 INFO o.a.j.JMeter: user.dir  =C:\Jmeter_Script
2025-11-27 08:05:35,096 INFO o.a.j.JMeter: PWD       =C:\Jmeter_Script
2025-11-27 08:05:35,098 INFO o.a.j.JMeter: IP: 192.168.1.10 Name: Sriram-Asus FullName: Sriram-Asus
2025-11-27 08:05:35,109 INFO o.a.j.JMeter: Loaded icon properties from org/apache/jmeter/images/icon.properties
